// Vitest Snapshot v1, https://vitest.dev/guide/snapshot.html

exports[`McpTool model > jsonSchema should have correct validations 1`] = `
{
  "properties": {
    "action": {
      "type": "string",
    },
    "appKey": {
      "type": "string",
    },
    "connectionId": {
      "format": "uuid",
      "type": "string",
    },
    "createdAt": {
      "type": "string",
    },
    "flowId": {
      "format": "uuid",
      "type": "string",
    },
    "id": {
      "format": "uuid",
      "type": "string",
    },
    "mcpServerId": {
      "format": "uuid",
      "type": "string",
    },
    "type": {
      "default": "app",
      "enum": [
        "flow",
        "app",
      ],
      "type": "string",
    },
    "updatedAt": {
      "type": "string",
    },
  },
  "required": [
    "action",
  ],
  "type": "object",
}
`;
